[www.boxcarquilts.com/index.html]
[www.boxcarquilts.com/1723204578/bootflat/css/fontawesome-pro-6.5.2-web/css/all.min.css]
[www.boxcarquilts.com/1723204578/bootflat/css/fontawesome-pro-6.5.2-web/css/v4-shims.min.css]
[www.boxcarquilts.com/favicon.ico]
[backblue.gif]
[fade.gif]
[index.html]
[media.rainpos.com/6009/footer_image.png]
[maxcdn.bootstrapcdn.com/font-awesome/4.7.0/css/font-awesome.min.css]
[maxcdn.bootstrapcdn.com/bootstrap/3.3.1/css/bootstrap.min.css]
[ajax.googleapis.com/ajax/libs/jqueryui/1.10.4/themes/smoothness/jquery-ui.css]
[cdn-icons-png.flaticon.com/16/747/747310.png]
[www.boxcarquilts.com/classes.html]
[www.boxcarquilts.com/module/class/602532/beginner-cross-stitch-class.html]
[www.boxcarquilts.com/module/class/564139/2025-tamarack-jacket-classes.html]
[www.boxcarquilts.com/module/class/587216/cookie-cutter-beginner-applique-class.html]
[www.boxcarquilts.com/module/events5dc2.html]
[www.boxcarquilts.com/module/class/604076/destash-dash.html]
[www.boxcarquilts.com/shop/All-Products.html]
[www.boxcarquilts.com/shop/Fabric.html]
[www.boxcarquilts.com/shop/Kits.html]
[www.boxcarquilts.com/shop/Patterns.html]
[www.boxcarquilts.com/shop/Handwork.html]
[www.boxcarquilts.com/contact-us.html]
[www.boxcarquilts.com/about-us.html]
[www.boxcarquilts.com/c/account/login.html]
[www.boxcarquilts.com/module/class/577942/2025-saturday-sew-day.html]
[media.rainpos.com/THUMB_7381/2025_Saturday_Sew_Days_.png]
[media.rainpos.com/THUMB_7381/GS16002.jpg]
[media.rainpos.com/THUMB_7381/Texas_Snow_Globe_Model_Pic_with_Designer_Name.jpg]
[media.rainpos.com/THUMB_7381/Freezer_Paper_Applique_2.png]
[media.rainpos.com/THUMB_7381/Your_paragraph_text_5_20250702124754.png]
[www.boxcarquilts.com/module/class/587215/home-tweet-home-applique-class.html]
[media.rainpos.com/THUMB_7381/Freezer_Paper_Applique.png]
[www.boxcarquilts.com/module/class/604673/saturday-stitchery.html]
[media.rainpos.com/THUMB_7381/Saturday_Stitchery_3_20250711114421.png]
[www.boxcarquilts.com/module/class/501837/sit-and-stitch-social.html]
[media.rainpos.com/THUMB_7381/2025_Sit_Stitch_Social_Flyer_revamp_129.png]
[media.rainpos.com/7381/Freezer_Paper_Applique.png]
[www.boxcarquilts.com/module/class/587215/home-tweet-home-applique-class&eventId=4074537.html]
[media.rainpos.com/7381/GS16002.jpg]
[www.boxcarquilts.com/module/class/564139/2025-tamarack-jacket-classes&eventId=3897014.html]
[media.rainpos.com/7381/2025_Sit_Stitch_Social_Flyer_revamp_129.png]
[www.boxcarquilts.com/module/class/501837/sit-and-stitch-social&eventId=3992673.html]
[www.boxcarquilts.com/module/class/501837/sit-and-stitch-social&eventId=3992674.html]
[www.boxcarquilts.com/module/class/501837/sit-and-stitch-social&eventId=3992675.html]
[media.rainpos.com/7381/Your_paragraph_text_5_20250702124754.png]
[www.boxcarquilts.com/module/class/604076/destash-dash&eventId=4190998.html]
[www.boxcarquilts.com/events.html]
[www.boxcarquilts.com/shop.html]
[www.boxcarquilts.com/site-map.html]
[www.boxcarquilts.com/terms-conditions.html]
[siteimages.s3.amazonaws.com/cart-bg-1a.png]
[images.rainpos.com/jquery.tools.min.js]
[ajax.googleapis.com/ajax/libs/jquery/1.10.1/jquery.min.js]
[images.rainpos.com/jquery-migrate-1.2.1.min.js]
[ajax.googleapis.com/ajax/libs/jqueryui/1.10.4/jquery-ui.min.js]
[images.rainpos.com/json2.js]
[maxcdn.bootstrapcdn.com/bootstrap/3.3.1/js/bootstrap.min.js]
[www.boxcarquilts.com/1723204580/site-configuration/js/recaptchaCode.js]
[www.google.com/recaptcha/api8027.js]
[www.google.com/recaptcha/api2ffd.js]
[www.boxcarquilts.com/js/libs/vue/2.6.12.vue.min.js]
[www.boxcarquilts.com/js/libs/axios/0.27.2.axios.min.js]
[www.boxcarquilts.com/js/dist/npm.core-js.a1c15addf2ce935a1f7b.js]
[www.boxcarquilts.com/js/dist/npm.vue-loader.86f95d32df03c9bf054e.js]
[www.boxcarquilts.com/js/dist/npm.style-loader.53da627498d619967689.js]
[www.boxcarquilts.com/js/dist/npm.css-loader.cc4d737372494bc04f65.js]
[www.boxcarquilts.com/js/dist/npm.regenerator-runtime.13854e4690344b0fb359.js]
[www.boxcarquilts.com/js/dist/subscribe-to-marketing-emails-info-modal.87dac359b151b59a6a95.js]
[www.boxcarquilts.com/store-locator/js/services/GeocoderApi.js]
[www.boxcarquilts.com/store-locator/js/services/StoreLocator.js]
[www.boxcarquilts.com/site-configuration/js/jquery.blockUI.js]
[www.boxcarquilts.com/module/product66ff.html]
[www.boxcarquilts.com/1723204580/products-28.js]
[www.boxcarquilts.com/1723204579/js/bower_components/vue/axios.0.18.0.min.js]
[www.boxcarquilts.com/1723204579/pos-app/js/big.min.js]
[www.boxcarquilts.com/1723204579/pos-app/js/lib.js]
[www.boxcarquilts.com/1748457328/c/cart/cart.js]
[cdnjs.cloudflare.com/polyfill/v3/polyfill.min2e7b.js]
[www.boxcarquilts.com/1736167064/pos-app/js/model/WaitList.js]
[www.boxcarquilts.com/js/dist/npm.date-fns.40eb527a4fe2a38e4c93.js]
[www.boxcarquilts.com/js/dist/npm.uuid.94255209536a39261fd8.js]
[www.boxcarquilts.com/index.html]
[www.boxcarquilts.com/js/dist/website-components.b8facec53a47a159cb87.js]
[www.boxcarquilts.com/1723204578/bootflat/css/fontawesome-pro-6.5.2-web/webfonts/fa-brands-400.woff2]
[www.boxcarquilts.com/1723204578/bootflat/css/fontawesome-pro-6.5.2-web/webfonts/fa-brands-400.ttf]
[www.boxcarquilts.com/1723204578/bootflat/css/fontawesome-pro-6.5.2-web/webfonts/fa-duotone-900.woff2]
[www.boxcarquilts.com/1723204578/bootflat/css/fontawesome-pro-6.5.2-web/webfonts/fa-duotone-900.ttf]
[www.boxcarquilts.com/1723204578/bootflat/css/fontawesome-pro-6.5.2-web/webfonts/fa-light-300.woff2]
[www.boxcarquilts.com/1723204578/bootflat/css/fontawesome-pro-6.5.2-web/webfonts/fa-light-300.ttf]
[www.boxcarquilts.com/1723204578/bootflat/css/fontawesome-pro-6.5.2-web/webfonts/fa-regular-400.woff2]
[www.boxcarquilts.com/1723204578/bootflat/css/fontawesome-pro-6.5.2-web/webfonts/fa-regular-400.ttf]
[www.boxcarquilts.com/1723204578/bootflat/css/fontawesome-pro-6.5.2-web/webfonts/fa-solid-900.woff2]
[www.boxcarquilts.com/1723204578/bootflat/css/fontawesome-pro-6.5.2-web/webfonts/fa-solid-900.ttf]
[www.boxcarquilts.com/1723204578/bootflat/css/fontawesome-pro-6.5.2-web/webfonts/fa-thin-100.woff2]
[www.boxcarquilts.com/1723204578/bootflat/css/fontawesome-pro-6.5.2-web/webfonts/fa-thin-100.ttf]
[www.boxcarquilts.com/1723204578/bootflat/css/fontawesome-pro-6.5.2-web/webfonts/fa-v4compatibility.woff2]
[www.boxcarquilts.com/1723204578/bootflat/css/fontawesome-pro-6.5.2-web/css/all.min.css]
[www.boxcarquilts.com/1723204578/bootflat/css/fontawesome-pro-6.5.2-web/css/v4-shims.min.css]
[www.boxcarquilts.com/1723204578/bootflat/css/fontawesome-pro-6.5.2-web/webfonts/fa-v4compatibility.ttf]
[maxcdn.bootstrapcdn.com/font-awesome/4.7.0/css/font-awesome.min.css]
[maxcdn.bootstrapcdn.com/font-awesome/4.7.0/fonts/fontawesome-webfont3e6e.svg]
[maxcdn.bootstrapcdn.com/bootstrap/3.3.1/css/bootstrap.min.css]
[maxcdn.bootstrapcdn.com/bootstrap/3.3.1/fonts/glyphicons-halflings-regular.svg]
[ajax.googleapis.com/ajax/libs/jqueryui/1.10.4/themes/smoothness/images/animated-overlay.gif]
[ajax.googleapis.com/ajax/libs/jqueryui/1.10.4/themes/smoothness/images/ui-bg_flat_75_ffffff_40x100.png]
[ajax.googleapis.com/ajax/libs/jqueryui/1.10.4/themes/smoothness/images/ui-bg_highlight-soft_75_cccccc_1x100.png]
[ajax.googleapis.com/ajax/libs/jqueryui/1.10.4/themes/smoothness/images/ui-bg_glass_75_e6e6e6_1x400.png]
[ajax.googleapis.com/ajax/libs/jqueryui/1.10.4/themes/smoothness/images/ui-bg_glass_75_dadada_1x400.png]
[ajax.googleapis.com/ajax/libs/jqueryui/1.10.4/themes/smoothness/images/ui-bg_glass_65_ffffff_1x400.png]
[ajax.googleapis.com/ajax/libs/jqueryui/1.10.4/themes/smoothness/images/ui-bg_glass_55_fbf9ee_1x400.png]
[ajax.googleapis.com/ajax/libs/jqueryui/1.10.4/themes/smoothness/images/ui-bg_glass_95_fef1ec_1x400.png]
[ajax.googleapis.com/ajax/libs/jqueryui/1.10.4/themes/smoothness/images/ui-icons_222222_256x240.png]
[ajax.googleapis.com/ajax/libs/jqueryui/1.10.4/themes/smoothness/images/ui-icons_888888_256x240.png]
[ajax.googleapis.com/ajax/libs/jqueryui/1.10.4/themes/smoothness/images/ui-icons_454545_256x240.png]
[ajax.googleapis.com/ajax/libs/jqueryui/1.10.4/themes/smoothness/images/ui-icons_2e83ff_256x240.png]
[ajax.googleapis.com/ajax/libs/jqueryui/1.10.4/themes/smoothness/images/ui-icons_cd0a0a_256x240.png]
[ajax.googleapis.com/ajax/libs/jqueryui/1.10.4/themes/smoothness/images/ui-bg_flat_0_aaaaaa_40x100.png]
[ajax.googleapis.com/ajax/libs/jqueryui/1.10.4/themes/smoothness/jquery-ui.css]
[www.boxcarquilts.com/website-accessibility.html]
[www.boxcarquilts.com/u0022https_/media.rainpos.com/7381/LOGO_Final_Box_Car_Quilts_20250612133320.svg/u0022.html]
[media.rainpos.com/THUMB_7381/SideWalkSale_3.png]
[www.boxcarquilts.com/classes.html]
[www.boxcarquilts.com/module/eventsd912.html]
[media.rainpos.com/7381/Texas_Snow_Globe_Model_Pic_with_Designer_Name.jpg]
[www.boxcarquilts.com/module/class/602532/oss.maxcdn.html]
[www.boxcarquilts.com/module/class/602532/ajax.googleapis.html]
[www.boxcarquilts.com/1723204579/js/bower_components/angular1.4/angular.min.js]
[www.boxcarquilts.com/1723204579/js/bower_components/angular-sanitize/angular-sanitize.min.js]
[www.boxcarquilts.com/1723204579/js/bower_components/angular-ui-bootstrap/ui-bootstrap-tpls-2.5.0.min.js]
[www.boxcarquilts.com/1736167064/site-configuration/js/utils.js]
[www.boxcarquilts.com/1736167064/c/js/class/classItemCtrl.js]
[www.boxcarquilts.com/1723204579/c/js/class/classItemModel.js]
[cdnjs.cloudflare.com/ajax/libs/libphonenumber-js/1.11.4/libphonenumber-js.min.js]
[www.boxcarquilts.com/module/class/602532/beginner-cross-stitch-class.html]
[www.boxcarquilts.com/module/class/564139/oss.maxcdn.html]
[www.boxcarquilts.com/module/class/564139/ajax.googleapis.html]
[www.boxcarquilts.com/module/class/564139/2025-tamarack-jacket-classes.html]
[media.rainpos.com/7381/Freezer_Paper_Applique_2.png]
[www.boxcarquilts.com/module/class/587216/oss.maxcdn.html]
[www.boxcarquilts.com/module/class/587216/ajax.googleapis.html]
[www.boxcarquilts.com/module/class/587216/cookie-cutter-beginner-applique-class.html]
[www.boxcarquilts.com/module/events.html]
[www.boxcarquilts.com/module/oss.maxcdn.html]
[www.boxcarquilts.com/module/ajax.googleapis.html]
[media.rainpos.com/7381/SideWalkSale_3.png]
[www.boxcarquilts.com/module/events5dc2.html]
[www.boxcarquilts.com/module/class/604076/oss.maxcdn.html]
[www.boxcarquilts.com/module/class/604076/ajax.googleapis.html]
[www.boxcarquilts.com/module/class/604076/destash-dash.html]
[siteimages.s3.amazonaws.com/close-2.png]
[www.boxcarquilts.com/shop/All-Products5f69.html]
[www.boxcarquilts.com/shop/All-Productsaedf.html]
[www.boxcarquilts.com/shop/All-Products3476.html]
[www.boxcarquilts.com/shop/All-Products/p/All-Is-Calm-Quilt-Kit-x93109210.html]
[media.rainpos.com/7381/IMG_4626.jpg]
[www.boxcarquilts.com/shop/All-Products/p/ME--So-Much-Joy--HO-HO-HO-Red-x92926514.html]
[media.rainpos.com/7381/PWMY017.RED.jpg]
[www.boxcarquilts.com/shop/All-Products/p/ME--So-Much-Joy--Believe-Santa-Black-x92926501.html]
[media.rainpos.com/7381/PWMY012.BLACK.jpg]
[www.boxcarquilts.com/shop/All-Products/p/ME--So-Much-Joy--Words-of-Christmas-Multi-x92926489.html]
[media.rainpos.com/7381/PWMY021.MULTI.jpg]
[www.boxcarquilts.com/shop/All-Products/p/ME--So-Much-Joy--Snow-People-Ribbon-Lime-x92926475.html]
[media.rainpos.com/7381/PWMY018.LIME.jpg]
[www.boxcarquilts.com/shop/All-Products/p/ME--So-Much-Joy--Christmas-Tree-Toss-x92926389.html]
[media.rainpos.com/7381/PWMY020.RED.jpg]
[www.boxcarquilts.com/shop/All-Products/p/ME--So-Much-Joy--Christmas-Rick-Rack-Red-x92926359.html]
[media.rainpos.com/7381/PWMY019.RED.jpg]
[www.boxcarquilts.com/shop/All-Products/p/ME--So-Much-Joy--Holly-Peppermints-Green-x92926339.html]
[media.rainpos.com/7381/PWMY016.GREEN.jpg]
[www.boxcarquilts.com/shop/All-Products/p/ME--So-Much-Joy--Santas-Toys-Multi-x92926279.html]
[media.rainpos.com/7381/PWMY015.MULTI.jpg]
[www.boxcarquilts.com/shop/All-Products/p/ME--So-Much-Joy--Believe-Merry-Lime-x92926278.html]
[media.rainpos.com/7381/PWMY013.LIME.jpg]
[www.boxcarquilts.com/shop/All-Products/p/Just-One-Slice-Snack-Mat-Kit-x92774394.html]
[media.rainpos.com/7381/IMG_5179.jpg]
[www.boxcarquilts.com/shop/All-Products/p/Summer-Snack-Mat-Kit-x92774343.html]
[media.rainpos.com/7381/IMG_5180.jpg]
[www.boxcarquilts.com/shop/All-Products/p/Blue---Palette-Vintage-x92709378.html]
[media.rainpos.com/FreeSpirit/PWTH289.BLUE__54760.jpg]
[www.boxcarquilts.com/shop/All-Products/p/Blue---Palette-Tiny-Print-x92709368.html]
[media.rainpos.com/FreeSpirit/PWTH288.BLUE__02395.jpg]
[www.boxcarquilts.com/shop/All-Products/p/Blue---Palette-Tapestry-x92709360.html]
[media.rainpos.com/FreeSpirit/PWTH287.BLUE__86028.jpg]
[www.boxcarquilts.com/shop/All-Products/p/Blue---Palette-Numbers-x92709353.html]
[media.rainpos.com/FreeSpirit/PWTH286.BLUE__80338.jpg]
[www.boxcarquilts.com/shop/All-Products/p/Blue---Palette-Eggs-x92709344.html]
[media.rainpos.com/FreeSpirit/PWTH285.BLUE__39712.jpg]
[www.boxcarquilts.com/shop/All-Products/p/Blue---Palette-Script-x92709337.html]
[media.rainpos.com/FreeSpirit/PWTH284.BLUE__19012.jpg]
[www.boxcarquilts.com/shop/All-Products/p/Blue---Palette-Map-x92709331.html]
[media.rainpos.com/FreeSpirit/PWTH283.BLUE__21645.jpg]
[www.boxcarquilts.com/shop/All-Products/p/Blue---Palette-Tickets-x92709322.html]
[media.rainpos.com/FreeSpirit/PWTH282.BLUE__99577.jpg]
[www.boxcarquilts.com/shop/All-Products/p/Blue---Palette-Stamps-x92709307.html]
[media.rainpos.com/FreeSpirit/PWTH281.BLUE__65346.jpg]
[www.boxcarquilts.com/shop/All-Products/p/Blue---Palette-Collage-x92709245.html]
[media.rainpos.com/FreeSpirit/PWTH280.BLUE__11206.jpg]
[www.boxcarquilts.com/shop/All-Products/p/Bust-a-Moove-Cross-Stich-Pattern-CSS-x92708350.html]
[media.rainpos.com/7381/moove.png]
[www.boxcarquilts.com/shop/All-Products/p/Seed-Packet-Poppies-Cross-Stich-Pattern-CSS-x92708334.html]
[media.rainpos.com/7381/poppies.png]
[www.boxcarquilts.com/shop/All-Products/p/Captain-Patchy-Pelican-Cross-Stitch-Pattern-CSS-x92417052.html]
[media.rainpos.com/7381/pelican.png]
[www.boxcarquilts.com/shop/All-Products/p/Stars-Stripes-MooLinda-Cross-Stitch-Pattern-CSS-x92417010.html]
[media.rainpos.com/7381/moolinda.png]
[www.boxcarquilts.com/shop/All-Products/p/Wildflowers-Freedom-Cross-Stitch-Pattern-CSS-x92417008.html]
[media.rainpos.com/7381/freedom.png]
[www.boxcarquilts.com/shop/All-Products/p/Heart-Magnetic-Needle-Minder-CSS-x92397989.html]
[media.rainpos.com/7381/magheartnm.png]
[www.boxcarquilts.com/shop/All-Products/p/Star-Magnetic-Needle-Minder-CSS-x92397951.html]
[media.rainpos.com/7381/starneedmind.png]
[www.boxcarquilts.com/shop/All-Products/p/Flower-Embroidery-Scissors--Ocean-CSS-x92397924.html]
[media.rainpos.com/7381/Screenshot_2025_06_23_151700.png]
[www.boxcarquilts.com/1749134788/c/js/website-facets/webSiteFacetsComponent.js]
[www.boxcarquilts.com/1739468536/c/controls/range-slider/range-slider.directive.js]
[www.boxcarquilts.com/1723204579/js/bower_components/moment/min/moment.min.js]
[www.boxcarquilts.com/1723204579/js/bower_components/bootstrap-daterangepicker/daterangepicker.js]
[www.boxcarquilts.com/shop/All-Products.html]
[www.boxcarquilts.com/shop/Fabric/Pre-Cuts.html]
[www.boxcarquilts.com/shop/Fabric/Panel.html]
[www.boxcarquilts.com/shop/Fabric/108-Wide.html]
[www.boxcarquilts.com/shop/Fabric/Towelling.html]
[www.boxcarquilts.com/shop/Fabric/Holiday.html]
[www.boxcarquilts.com/shop/Fabric/Basics.html]
[www.boxcarquilts.com/shop/Fabric5f69.html]
[www.boxcarquilts.com/shop/Fabricaedf.html]
[www.boxcarquilts.com/shop/Fabric6c7a.html]
[www.boxcarquilts.com/shop/Fabric/p/ME--So-Much-Joy--HO-HO-HO-Red-x92926514.html]
[www.boxcarquilts.com/shop/Fabric/p/ME--So-Much-Joy--Believe-Santa-Black-x92926501.html]
[www.boxcarquilts.com/shop/Fabric/p/ME--So-Much-Joy--Words-of-Christmas-Multi-x92926489.html]
[www.boxcarquilts.com/shop/Fabric/p/ME--So-Much-Joy--Snow-People-Ribbon-Lime-x92926475.html]
[www.boxcarquilts.com/shop/Fabric/p/ME--So-Much-Joy--Christmas-Tree-Toss-x92926389.html]
[www.boxcarquilts.com/shop/Fabric/p/ME--So-Much-Joy--Christmas-Rick-Rack-Red-x92926359.html]
[www.boxcarquilts.com/shop/Fabric/p/ME--So-Much-Joy--Holly-Peppermints-Green-x92926339.html]
[www.boxcarquilts.com/shop/Fabric/p/ME--So-Much-Joy--Santas-Toys-Multi-x92926279.html]
[www.boxcarquilts.com/shop/Fabric/p/ME--So-Much-Joy--Believe-Merry-Lime-x92926278.html]
[www.boxcarquilts.com/shop/Fabric/p/Blue---Palette-Vintage-x92709378.html]
[www.boxcarquilts.com/shop/Fabric/p/Blue---Palette-Tiny-Print-x92709368.html]
[www.boxcarquilts.com/shop/Fabric/p/Blue---Palette-Tapestry-x92709360.html]
[www.boxcarquilts.com/shop/Fabric/p/Blue---Palette-Numbers-x92709353.html]
[www.boxcarquilts.com/shop/Fabric/p/Blue---Palette-Eggs-x92709344.html]
[www.boxcarquilts.com/shop/Fabric/p/Blue---Palette-Script-x92709337.html]
[www.boxcarquilts.com/shop/Fabric/p/Blue---Palette-Map-x92709331.html]
[www.boxcarquilts.com/shop/Fabric/p/Blue---Palette-Tickets-x92709322.html]
[www.boxcarquilts.com/shop/Fabric/p/Blue---Palette-Stamps-x92709307.html]
[www.boxcarquilts.com/shop/Fabric/p/Blue---Palette-Collage-x92709245.html]
[www.boxcarquilts.com/shop/Fabric/p/From-The-Garden-Window-Quilt-Kit-x91938859.html]
[media.rainpos.com/7381/image0_18.jpg]
[www.boxcarquilts.com/shop/Fabric/p/Palette--Botanical-Wide-Back-108-x91773186.html]
[media.rainpos.com/7381/WBPAL.jpg]
[www.boxcarquilts.com/shop/Fabric/p/Palette--TEAL-Marble-x91773171.html]
[media.rainpos.com/7381/MARBLE.jpg]
[www.boxcarquilts.com/shop/Fabric/p/Palette--TEAL-Tiny-Print-x91773155.html]
[media.rainpos.com/7381/TINYPRINT.jpg]
[www.boxcarquilts.com/shop/Fabric/p/Palette--TEAL-Butterflies-x91773144.html]
[media.rainpos.com/7381/BUTTERFLIES.jpg]
[www.boxcarquilts.com/shop/Fabric/p/Palette--TEAL-Ephemera-x91773111.html]
[media.rainpos.com/7381/EPHEMRA.jpg]
[www.boxcarquilts.com/shop/Fabric/p/Palette--TEAL-Tiles-x91773103.html]
[media.rainpos.com/7381/TILES.jpg]
[www.boxcarquilts.com/shop/Fabric/p/Palette--TEAL-Map-x91773093.html]
[media.rainpos.com/7381/TEAL.jpg]
[www.boxcarquilts.com/shop/Fabric/p/Palette--TEAL-Tickets-x91773074.html]
[media.rainpos.com/7381/TICKETS.jpg]
[www.boxcarquilts.com/shop/Fabric/p/Palette--TEAL-Stamps-x91773068.html]
[media.rainpos.com/7381/STAMPS.jpg]
[www.boxcarquilts.com/shop/Fabric/p/Palette--TEAL-Collage-x91773050.html]
[media.rainpos.com/7381/COLLAGE.jpg]
[www.boxcarquilts.com/shop/Fabric.html]
[www.boxcarquilts.com/shop/Kits/Miscellaneous-Kits.html]
[www.boxcarquilts.com/shop/Kits/Quilt-Kits.html]
[www.boxcarquilts.com/shop/Kits/p/Just-One-Slice-Snack-Mat-Kit-x92774394.html]
[www.boxcarquilts.com/shop/Kits/p/Summer-Snack-Mat-Kit-x92774343.html]
[www.boxcarquilts.com/shop/Kits/p/From-The-Garden-Window-Quilt-Kit-x91938859.html]
[www.boxcarquilts.com/shop/Kits/p/Shadow-Blooms-Quilt-Kit-x91344008.html]
[media.rainpos.com/7381/image0_16.jpg]
[www.boxcarquilts.com/shop/Kits/p/Dakota-Quilt-Kit-x91343598.html]
[media.rainpos.com/7381/image0_17.jpg]
[www.boxcarquilts.com/shop/Kits/p/Tradewinds-Superbloom-Kit-x91342863.html]
[media.rainpos.com/7381/image1_9.jpg]
[www.boxcarquilts.com/shop/Kits/p/Farmers-Sunshine-Quilt-Kit-x90592615.html]
[media.rainpos.com/7381/image0_15.jpg]
[www.boxcarquilts.com/shop/Kits/p/Whiskerville-Turtle-Soup-Quilt-Kit-x90592168.html]
[media.rainpos.com/7381/image1_8.jpg]
[www.boxcarquilts.com/shop/Kits/p/Meadow-Walk-Seasoning-Kit-x89967512.html]
[media.rainpos.com/7381/image3_20250415082323.jpg]
[www.boxcarquilts.com/shop/Kits/p/Flowers-for-Mom-Table-Runner-x89964698.html]
[media.rainpos.com/7381/image4.jpg]
[www.boxcarquilts.com/shop/Kits/p/Full-Steam-Ahead-Quilt-Kit-x89586671.html]
[media.rainpos.com/7381/image0_13.jpg]
[www.boxcarquilts.com/shop/Kits/p/Freedom-Garden-Fast-Easy-Quilt-Kit-x88902663.html]
[media.rainpos.com/7381/image2_1_20250318104904.jpg]
[www.boxcarquilts.com/shop/Kits/p/Retro-Road-Trip-Sidewalk-Quilt-x88504545.html]
[media.rainpos.com/7381/image0_11.jpg]
[www.boxcarquilts.com/shop/Kits/p/City-Park-Pool-Kit-x88272840.html]
[media.rainpos.com/7381/IMG_3229.jpg]
[www.boxcarquilts.com/shop/Kits/p/Dino-Pizza-Party-x88215974.html]
[media.rainpos.com/7381/IMG_7119.jpg]
[www.boxcarquilts.com/shop/Kits/p/Bunny-Ears-Snack-Mat-x87904544.html]
[media.rainpos.com/7381/IMG_1992.jpg]
[www.boxcarquilts.com/shop/Kits/p/Shamrock-Snack-Mat-Kit-x87904442.html]
[media.rainpos.com/7381/IMG_1991.jpg]
[www.boxcarquilts.com/shop/Kits/p/Celebrate-Bakers-Dozen-Kit-x87902365.html]
[media.rainpos.com/7381/IMG_1989.jpg]
[www.boxcarquilts.com/shop/Kits.html]
[www.boxcarquilts.com/shop/Patterns.html]
[www.boxcarquilts.com/shop/Handwork.html]
[www.boxcarquilts.com/contact-us.html]
[www.boxcarquilts.com/about-us.html]
[www.boxcarquilts.com/c/account/login.html]
[www.boxcarquilts.com/module/class/577942/2025-saturday-sew-day.html]
[www.boxcarquilts.com/module/class/587215/home-tweet-home-applique-class.html]
[www.boxcarquilts.com/module/class/604673/saturday-stitchery.html]
[www.boxcarquilts.com/module/class/501837/sit-and-stitch-social.html]
[www.boxcarquilts.com/u0022https_/media.rainpos.com/7381/230x186_top_shop_logo_color_1png.png/u0022.html]
